// Jest Snapshot v1, https://goo.gl/fbAQLP

exports[`Prueba en <HelloWorldApp> debe de hacer match con el snapshot 1`] = `
<div>
  <h1
    data-testid="test-title"
  >
    Hello World
  </h1>
  <p>
    World of the world
  </p>
</div>
`;
